accessors-smart-2.5.1.jar
angus-activation-2.0.2.jar
antlr-runtime-3.5.3.jar
apache-mime4j-core-0.7.2.jar
apache-mime4j-core-0.8.6.jar
asm-9.6.jar
axiom-api-1.2.22.jar
axiom-api-1.4.0.jar
axiom-impl-1.2.22.jar
axiom-impl-1.4.0.jar
batik-anim-1.17.jar
batik-awt-util-1.17.jar
batik-bridge-1.17.jar
batik-codec-1.17.jar
batik-constants-1.17.jar
batik-css-1.17.jar
batik-dom-1.17.jar
batik-ext-1.17.jar
batik-gvt-1.17.jar
batik-i18n-1.17.jar
batik-parser-1.17.jar
batik-script-1.17.jar
batik-shared-resources-1.17.jar
batik-svg-dom-1.17.jar
batik-svggen-1.17.jar
batik-transcoder-1.17.jar
batik-util-1.17.jar
batik-xml-1.17.jar
c3p0-0.9.5.4.jar
cache-api-1.1.0.jar
cache-api-1.1.1.jar
checker-qual-3.42.0.jar
com.sun.xml.bind-jaxb-core-4.0.5.jar
commons-beanutils-1.9.4.jar
commons-cli-1.2.jar
commons-codec-1.16.1.jar
commons-codec-1.17.0.jar
commons-collections4-4.4.jar
commons-collections-3.2.2.jar
commons-csv-1.7.jar
commons-dbcp2-2.9.0.jar
commons-dbcp2-2.12.0.jar
commons-fileupload2-core-2.0.0-M2.jar
commons-fileupload2-jakarta-servlet6-2.0.0-M2.jar
commons-io-2.16.1.jar
commons-lang-2.6.jar
commons-math-2.2.jar
commons-pool2-2.12.0.jar
deegree-connectionprovider-datasource-3.6.0-SNAPSHOT.jar
deegree-core-annotations-3.6.0-SNAPSHOT.jar
deegree-core-base-3.6.0-SNAPSHOT.jar
deegree-core-commons-3.6.0-SNAPSHOT.jar
deegree-core-coverage-3.6.0-SNAPSHOT.jar
deegree-core-cs-3.6.0-SNAPSHOT.jar
deegree-core-db-3.6.0-SNAPSHOT.jar
deegree-core-featureinfo-3.6.0-SNAPSHOT.jar
deegree-core-filterfunctions-3.6.0-SNAPSHOT.jar
deegree-core-gdal-3.6.0-SNAPSHOT.jar
deegree-core-geometry-3.6.0-SNAPSHOT.jar
deegree-core-layer-3.6.0-SNAPSHOT.jar
deegree-core-metadata-3.6.0-SNAPSHOT.jar
deegree-core-moduleinfo-3.6.0-SNAPSHOT.jar
deegree-core-rendering-2d-3.6.0-SNAPSHOT.jar
deegree-core-style-3.6.0-SNAPSHOT.jar
deegree-core-theme-3.6.0-SNAPSHOT.jar
deegree-core-tile-3.6.0-SNAPSHOT.jar
deegree-core-workspace-3.6.0-SNAPSHOT.jar
deegree-featurestore-commons-3.6.0-SNAPSHOT.jar
deegree-featurestore-memory-3.6.0-SNAPSHOT.jar
deegree-featurestore-shape-3.6.0-SNAPSHOT.jar
deegree-featurestore-simplesql-3.6.0-SNAPSHOT.jar
deegree-featurestore-sql-3.6.0-SNAPSHOT.jar
deegree-jsf-core-3.6.0-SNAPSHOT.jar
deegree-layers-coverage-3.6.0-SNAPSHOT.jar
deegree-layers-feature-3.6.0-SNAPSHOT.jar
deegree-layers-gdal-3.6.0-SNAPSHOT.jar
deegree-layers-remotewms-3.6.0-SNAPSHOT.jar
deegree-layers-tile-3.6.0-SNAPSHOT.jar
deegree-mdstore-commons-3.6.0-SNAPSHOT.jar
deegree-mdstore-iso-3.6.0-SNAPSHOT.jar
deegree-mdstore-iso-memory-3.6.0-SNAPSHOT.jar
deegree-ogcschemas-20230513.jar
deegree-processprovider-fme-3.6.0-SNAPSHOT.jar
deegree-protocol-commons-3.6.0-SNAPSHOT.jar
deegree-protocol-wfs-3.6.0-SNAPSHOT.jar
deegree-protocol-wms-3.6.0-SNAPSHOT.jar
deegree-protocol-wmts-3.6.0-SNAPSHOT.jar
deegree-remoteows-commons-3.6.0-SNAPSHOT.jar
deegree-remoteows-wms-3.6.0-SNAPSHOT.jar
deegree-remoteows-wmts-3.6.0-SNAPSHOT.jar
deegree-services-commons-3.6.0-SNAPSHOT.jar
deegree-services-config-3.6.0-SNAPSHOT.jar
deegree-services-csw-3.6.0-SNAPSHOT.jar
deegree-services-wfs-3.6.0-SNAPSHOT.jar
deegree-services-wms-3.6.0-SNAPSHOT.jar
deegree-services-wmts-3.6.0-SNAPSHOT.jar
deegree-services-wps-3.6.0-SNAPSHOT.jar
deegree-sqldialect-commons-3.6.0-SNAPSHOT.jar
deegree-sqldialect-mssql-3.6.0-SNAPSHOT.jar
deegree-sqldialect-oracle-3.6.0-SNAPSHOT.jar
deegree-sqldialect-postgis-3.6.0-SNAPSHOT.jar
deegree-themes-remotewms-3.6.0-SNAPSHOT.jar
deegree-tilestore-cache-3.6.0-SNAPSHOT.jar
deegree-tilestore-commons-3.6.0-SNAPSHOT.jar
deegree-tilestore-filesystem-3.6.0-SNAPSHOT.jar
deegree-tilestore-gdal-3.6.0-SNAPSHOT.jar
deegree-tilestore-geotiff-3.6.0-SNAPSHOT.jar
deegree-tilestore-merge-3.6.0-SNAPSHOT.jar
deegree-tilestore-remotewms-3.6.0-SNAPSHOT.jar
deegree-tilestore-remotewmts-3.6.0-SNAPSHOT.jar
deegree-webservices-3.6.0-SNAPSHOT.jar
ehcache-3.10.8-jakarta.jar
FastInfoset-1.2.18.jar
gdal-3.0.0.jar
geronimo-activation_1.1_spec-1.1.jar
geronimo-stax-api_1.0_spec-1.0.1.jar
gson-2.10.1.jar
h2-2.1.214.jar
h2-2.2.224.jar
httpclient-4.5.13.jar
httpcore-4.4.16.jar
imageio-ext-geocore-1.1.29.jar
imageio-ext-streams-1.1.29.jar
imageio-ext-tiff-1.1.29.jar
imageio-ext-utilities-1.1.29.jar
istack-commons-runtime-4.1.2.jar
jackson-annotations-2.17.1.jar
jackson-core-2.17.1.jar
jackson-databind-2.17.1.jar
jackson-dataformat-yaml-2.17.1.jar
jai-codec-1.1.3.jar
jai-core-1.1.3.jar
jai_imageio-1.1.jar
jakarta.activation-1.2.2.jar
jakarta.activation-api-2.1.3.jar
jakarta.annotation-api-2.1.1.jar
jakarta.enterprise.cdi-api-4.0.1.jar
jakarta.enterprise.lang-model-4.0.1.jar
jakarta.faces-4.0.5.jar
jakarta.inject-api-2.0.1.jar
jakarta.interceptor-api-2.1.0.jar
jakarta.servlet.jsp.jstl-api-3.0.0.jar
jakarta.transaction-api-2.0.1.jar
jakarta.validation-api-3.0.2.jar
jakarta.xml.bind-api-4.0.2.jar
jakarta.xml.soap-api-3.0.2.jar
jaxb-core-4.0.5.jar
jaxb-impl-4.0.5.jar
jaxb-runtime-4.0.5.jar
jaxen-1.1.6.jar
jaxen-2.0.0.jar
jcl-over-slf4j-2.0.12.jar
jcl-over-slf4j-2.0.13.jar
jgridshift-core-1.3.1.jar
jogl-1.1.2.jar
json-path-2.9.0.jar
json-smart-2.5.1.jar
jts-core-1.19.0.jar
jul-to-slf4j-2.0.12.jar
junidecode-0.4.1.jar
log4j-api-2.23.1.jar
log4j-core-2.23.1.jar
log4j-layout-template-json-2.23.1.jar
log4j-slf4j2-impl-2.23.1.jar
log4j-web-2.23.1.jar
mchange-commons-java-0.2.15.jar
micrometer-commons-1.12.7.jar
micrometer-observation-1.12.7.jar
org.glassfish.jaxb-jaxb-core-4.0.5.jar
postgis-geometry-2023.1.0.jar
postgis-jdbc-2023.1.0.jar
postgresql-42.7.3.jar
primefaces-13.0.10-jakarta.jar
primefaces-extensions-13.0.11-jakarta.jar
quartz-2.3.2.jar
Saxon-HE-9.9.1-8.jar
slf4j-api-2.0.12.jar
slf4j-api-2.0.13.jar
snakeyaml-1.33.jar
spring-aop-6.1.9.jar
spring-beans-6.1.9.jar
spring-context-6.1.9.jar
spring-context-support-6.1.9.jar
spring-core-6.1.9.jar
spring-expression-6.1.9.jar
spring-jcl-6.1.9.jar
spring-tx-6.1.9.jar
stax2-api-4.2.jar
staxon-1.2.jar
tika-core-2.8.0.jar
txw2-4.0.5.jar
vecmath-1.5.2.jar
weld-servlet-shaded-5.1.2.Final.jar
woodstox-core-5.4.0.jar
xercesImpl-2.12.2.jar
xml-apis-1.4.01.jar
xml-apis-ext-1.3.04.jar
xmlgraphics-commons-2.9.jar